Extension
	 
	 .map
	 .jar
	 .jsp
	 .prefs
	 .xlsx
	 .policy
	 .tld
	 .txt
	 .jnlp
	 .wsdl
	 .ttf
	 .exemple
	 .eot
	 .less
	 .xsd
	 .woff
	 .csv
	 .docx
	 .svg
	 .css
	 .tag
	 .woff2
	 .properties
	 .ks
	 .bat
	 .html
	 .pdf
	 .jspf
	 .java
	 .ts
	 .ico
	 .xml
	 .jpg
	 .gif
	 .png
	 .sql
	 .xsl
	 .js
	 .sh
Color Matches
	 #FFDEF9FF
	 #515151
	 #49494C
	 #FF3C3C3C
	 #B8DEF0
	 #FFD15400
	 #FFE8E8E8
	 #8AACA3
	 #ACCBE7
	 #003BB3
	 #8DABCA
	 #D9D8D9
	 #363636
	 #088A08
	 #ECECEC
	 #252525
	 #00000000
	 #555555
	 #31B0D5
	 #F8F8F8
	 #C2CCD1
	 #B92C28
	 #2B81AF
	 #0076AC
	 #CD0A0A
	 #BFE3C3
	 #FF151515
	 #E38D13
	 #0D3349
	 #B74949
	 #3C510C
	 #FF265A88
	 #FFD9534F
	 #3C763D
	 #D6E9C6
	 #3063A6
	 #000000
	 #265A88
	 #FFFFC600
	 #D1D1D1
	 #24748C
	 #FFF2F2F2
	 #FFD7D8D9
	 #262626
	 #FF339BB9
	 #FAFAFA
	 #D1A6D0
	 #FF080808
	 #F8E5BE
	 #C31532
	 #286090
	 #57A957
	 #FF6363
	 #7ABA7B
	 #2AABD2
	 #C8E5BC
	 #9B9B9B
	 #FF449D44
	 #FFC31632
	 #A8A7A7
	 #006593
	 #00567E
	 #942A25
	 #9D9D9D
	 #F69CCD
	 #A1A1A1
	 #AFD9EE
	 #FFE2E2E2
	 #204D74
	 #BDD6EC
	 #676767
	 #FFDBDBDB
	 #398439
	 #CF5C14
	 #FF51A351
	 #FF871685
	 #79B7E7
	 #FFC12E2A
	 #528CE0
	 #A94442
	 #F0F0F0
	 #C7DDEF
	 #A84444
	 #CBCDCF
	 #BACCE0
	 #E3E3E3
	 #871685
	 #FF3A5C2A
	 #AD6704
	 #FFC8E5BC
	 #00006A
	 #B7B7B7
	 #FF0480BE
	 #C7254E
	 #EC971F
	 #FF57A957
	 #FEFEFE
	 #DCADA7
	 #FFDFF0D8
	 #FFFAF2CC
	 #151515
	 #2858A0
	 #F4F4F4
	 #CFE1E9
	 #F5C6B5
	 #8A9C84
	 #FDD49A
	 #C9F9C6
	 #FFC600
	 #CCCCCC
	 #1F6377
	 #BABEBF
	 #51A351
	 #FBED50
	 #1D3D75
	 #FFC82337
	 #767676
	 #C6E746
	 #FFF5F5F5
	 #953B39
	 #EFBC01
	 #E8E8E8
	 #269ABC
	 #F89406
	 #506941
	 #C9302C
	 #FF444444
	 #81C0C9
	 #A9302A
	 #F8F7F5
	 #FFF8F8F8
	 #FFEBCCCC
	 #D15400
	 #49AFCD
	 #3276B1
	 #DCEAF5
	 #4C653C
	 #EBEBEB
	 #23527C
	 #0088CC
	 #FF2F96B4
	 #EE5757
	 #E0F2BE
	 #8A6D3B
	 #ABABAB
	 #2B542C
	 #C1C1C1
	 #EBCCCC
	 #679CBE
	 #D5D5D5
	 #3E8F3E
	 #5BC0DE
	 #777777
	 #FF62C462
	 #80000000
	 #FAEBCC
	 #710909
	 #EFFCFF
	 #39B3D7
	 #F7E1B5
	 #FF6060
	 #0F0F0F
	 #899BA9
	 #FFEC971F
	 #C67605
	 #FFF89406
	 #9ACFEA
	 #3278B3
	 #067299
	 #F8B9B7
	 #ADADAD
	 #046497
	 #E2E2E2
	 #F2F2F2
	 #008AC9
	 #DBC59E
	 #FF0071AD
	 #CAC8D4
	 #BFBFBF
	 #5884A3
	 #FBEED5
	 #C2C1C1
	 #FFCACA
	 #299AD2
	 #DCDCDC
	 #FF0077B3
	 #FFF0AD4E
	 #1D5987
	 #37A6D9
	 #861E83
	 #F5F8F9
	 #106095
	 #8DACBC
	 #FF8040
	 #337AB7
	 #0087C9
	 #A9CACD
	 #FCFDFD
	 #FFDCEAF5
	 #8B0C73
	 #FF0000
	 #DBDCDC
	 #333333
	 #FFD0E9C6
	 #F9F9F9
	 #5A8442
	 #DE7477
	 #FF419641
	 #3C3C3C
	 #A2318B
	 #5CB85C
	 #BACFE3
	 #468847
	 #C09853
	 #26A345
	 #FF428BCA
	 #EE5F5B
	 #E4B9B9
	 #FFFCE8DB
	 #C3C8CD
	 #FAF2CC
	 #DFF0D8
	 #FF9999
	 #D59392
	 #FFECECEC
	 #1A1A1A
	 #002A80
	 #A9DBA9
	 #656565
	 #C0C0C0
	 #DFEFFC
	 #F8EFC0
	 #EEEEEE
	 #0F6500
	 #428BCA
	 #E5E5E5
	 #ED9C28
	 #909090
	 #FCF8E3
	 #5E5E5E
	 #AA8866
	 #DFECF6
	 #C82337
	 #999999
	 #E4B9C0
	 #F9F2F4
	 #FCE8DB
	 #FDF59A
	 #FFF7465C
	 #F7F7F9
	 #FBB450
	 #D0E9C6
	 #F1F1F1
	 #FF286090
	 #2B669A
	 #DCA7A7
	 #FF337AB7
	 #C38EC7
	 #8B0C72
	 #FFC9302C
	 #565656
	 #E5E7E2
	 #D4D4D4
	 #2E6DA4
	 #E1E1E8
	 #387038
	 #F7465C
	 #DF6E44
	 #E6C1C7
	 #419641
	 #C7C1C1
	 #2A85A0
	 #499249
	 #D9D9D9
	 #FF5CB85C
	 #AAAAAA
	 #FFE5E5E5
	 #FFF2DEDE
	 #FF2B669A
	 #FBFBFB
	 #D2E0E6
	 #DFF2BF
	 #FF149BDF
	 #FFD2D2
	 #FDFDFD
	 #F7ECB5
	 #FF3278B3
	 #002F7D
	 #0E0E0E
	 #0480BE
	 #666666
	 #222222
	 #00C317
	 #FBEC88
	 #408140
	 #C90300
	 #FFB6AD
	 #040404
	 #AA509A
	 #000066
	 #A13021
	 #FF31B0D5
	 #D4329F
	 #B9DEF0
	 #69A9CA
	 #92ACCB
	 #FF357EBD
	 #FFD9EDF7
	 #B8B8B9
	 #DF007C
	 #808080
	 #FF37A6D9
	 #A5597E
	 #FFF9F9F9
	 #245580
	 #E4FFEC
	 #5C9CCC
	 #D4E2F1
	 #F5F5F5
	 #1B1B1B
	 #FFA5597E
	 #66512C
	 #0044CC
	 #A47E3C
	 #C1E2B3
	 #FF3071A9
	 #001B48
	 #B2DBA1
	 #0E90D2
	 #6B6B6B
	 #FAD42E
	 #D4D0C8
	 #ABADB3
	 #EEA236
	 #9CD3EC
	 #3A5C2A
	 #285E8E
	 #38C54F
	 #0081C2
	 #FF8B0C72
	 #DA4F49
	 #EFEFEF
	 #5EB95E
	 #FF2E6DA4
	 #FF222222
	 #C0A16B
	 #888888
	 #737373
	 #62C462
	 #EED3D7
	 #47A447
	 #D3F5DC
	 #008BC6
	 #FFE6E6E6
	 #E7E7E7
	 #2895C8
	 #C66200
	 #ABECA5
	 #2A6496
	 #CBD3C6
	 #F2DEDE
	 #00AC0D
	 #D9EDF7
	 #C9E2B3
	 #FF111111
	 #DEEBF4
	 #E6E6E6
	 #8ED59F
	 #444444
	 #6E6E6E
	 #FFEB9316
	 #BCE8F1
	 #A6E1EC
	 #848484
	 #374E0C
	 #DBDBDB
	 #FFC3C3
	 #FFFE9901
	 #FFC43C35
	 #981D2C
	 #FF5BC0DE
	 #ABC9CB
	 #B94A48
	 #D9534F
	 #D0D0D0
	 #FF5A8442
	 #46B8DA
	 #C3325F
	 #5EBEB9
	 #787878
	 #64858C
	 #2A64A4
	 #D7D8D9
	 #4EB2E0
	 #A6C9E2
	 #FF0088CC
	 #111111
	 #D0E5F5
	 #C43C35
	 #FEB144
	 #DEF9FF
	 #D2322D
	 #C12E2A
	 #6F7074
	 #449D44
	 #FF0044CC
	 #D8000C
	 #AC2925
	 #FEF1EC
	 #A83500
	 #C4E3F3
	 #5E740B
	 #46A546
	 #FE9901
	 #006DCC
	 #981D2C10
	 #C4C4C4
	 #EBCCD1
	 #FF2895C8
	 #245269
	 #2D6987
	 #CC263A
	 #1584BB
	 #E17009
	 #FAA732
	 #FCFCFC
	 #008AD5
	 #0077B3
	 #F6FAFA
	 #FFFFFF
	 #28A4C9
	 #FFE7C3C3
	 #C9D9F5
	 #F9FBFD
	 #ACA899
	 #F6F6F6
	 #58585A
	 #FFEE5F5B
	 #FFB9DEF0
	 #080808
	 #7A43B6
	 #A7367E
	 #1D99D1
	 #F52F5F
	 #5BB75B
	 #FF0F0F0F
	 #F0F2F5
	 #C5DBEC
	 #CDCDCD
	 #FFDB7C
	 #A86666
	 #101010
	 #64B1D8
	 #A6C6D6
	 #D43F3A
	 #356635
	 #FFC9F9C6
	 #FFE52C43
	 #FFFCF8E3
	 #6699CC
	 #4CAE4C
	 #003399
	 #E7C3C3
	 #31708F
	 #FFBD362F
	 #FDE19A
	 #EB9316
	 #545454
	 #FFEBEBEB
	 #F7F7F7
	 #A5C992
	 #4BB1CF
	 #E9E8F0
	 #DDDDDD
	 #FFA7367E
	 #FFF8EFC0
	 #FFF7DDE8
	 #DF8505
	 #FFF6F6F6
	 #802420
	 #005580
	 #F5E79E
	 #2E6E9E
	 #A4A9AD
	 #2D6CA2
	 #FFA83500
	 #DD514C
	 #2F96B4
	 #D4651E
	 #66AFE9
	 #85C7E5
	 #00B3EE
	 #CE8483
	 #993366
	 #D9D9DA
	 #843534
	 #FFE0E0E0
	 #FFFFFFFF
	 #C31632
	 #96D8F5
	 #69C480
	 #BD362F
	 #FBF069
	 #0000FF
	 #F18999
	 #FFF0F0F0
	 #7AB5D3
	 #3A87AD
	 #E0E0E0
	 #F7DDE8
	 #00C910
	 #3071A9
	 #B3B3B3
	 #E52C43
	 #4F8A10
	 #FF2AABD2
	 #366097
	 #149BDF
	 #D58512
	 #579397
	 #8699A4
	 #EDEDED
	 #0071AD
	 #FFABECA5
	 #E9F3F5
	 #595959
	 #4297D7
	 #FFC4E3F3
	 #67B168
	 #E0ACB7
	 #2C6095
	 #E9322D
	 #E67876
	 #339BB9
	 #DDE9EF
	 #F0AD4E
	 #FF981D2C
	 #E1EDF7
	 #357EBD
	 #0A4900
	 #FFFBB450
	 #FF040404
